============================= test session starts =============================
platform win32 -- Python 3.14.6, pytest-9.1.1, pluggy-1.6.0 -- C:\Users\91628\.trae\FraudSentinal\backend\venv\Scripts\python.exe
cachedir: .pytest_cache
rootdir: C:\Users\91628\.trae\FraudSentinal\backend
plugins: anyio-4.14.2
collecting ... collected 3 items

tests/enrichment_test.py::test_enrichment_lookup_ip PASSED               [ 33%]
tests/enrichment_test.py::test_enrichment_lookup_bin PASSED              [ 66%]
tests/enrichment_test.py::test_enrichment_signals_integration PASSED     [100%]

============================== warnings summary ===============================
auth.py:21
  C:\Users\91628\.trae\FraudSentinal\backend\auth.py:21: AuthlibDeprecationWarning: authlib.jose module is deprecated, please use joserfc instead.
  It will be compatible before version 2.0.0.
    from authlib.jose import jwt

-- Docs: https://docs.pytest.org/en/stable/how-to/capture-warnings.html
======================== 3 passed, 1 warning in 10.54s ========================
